<?xml version="1.0" encoding="utf-8"?>
<testsuites>
  <testsuite id="0" name="cargo test #0" package="testsuite/cargo test #0" tests="0" errors="0" failures="0" hostname="localhost" timestamp="2024-08-31T20:52:04.746519161Z" time="0" />
  <testsuite id="1" name="cargo test #1" package="testsuite/cargo test #1" tests="2" errors="0" failures="0" hostname="localhost" timestamp="2024-08-31T20:52:04.746519161Z" time="0">
    <testcase name="test_decode_packet1" time="0" classname="packet" />
    <testcase name="test_encode_packet1" time="0" classname="packet" />
  </testsuite>
  <testsuite id="2" name="cargo test #2" package="testsuite/cargo test #2" tests="0" errors="0" failures="0" hostname="localhost" timestamp="2024-08-31T20:52:04.746519161Z" time="0" />
  <testsuite id="3" name="cargo test #3" package="testsuite/cargo test #3" tests="18" errors="0" failures="0" hostname="localhost" timestamp="2024-08-31T20:52:04.746519161Z" time="0">
    <testcase name="test_decode_open1" time="0" classname="packet::open" />
    <testcase name="test_decode_keepalive1" time="0" classname="packet::keepalive" />
    <testcase name="test_decode_notification1" time="0" classname="packet::notification" />
    <testcase name="test_decode_open2" time="0" classname="packet::open" />
    <testcase name="test_encode_keepalive1" time="0" classname="packet::keepalive" />
    <testcase name="test_encode_notification1" time="0" classname="packet::notification" />
    <testcase name="test_decode_open3" time="0" classname="packet::open" />
    <testcase name="test_decode_route_refresh1" time="0" classname="packet::route_refresh" />
    <testcase name="test_encode_open2" time="0" classname="packet::open" />
    <testcase name="test_decode_update1" time="0" classname="packet::update" />
    <testcase name="test_encode_open1" time="0" classname="packet::open" />
    <testcase name="test_encode_open3" time="0" classname="packet::open" />
    <testcase name="test_encode_route_refresh1" time="0" classname="packet::route_refresh" />
    <testcase name="test_encode_update1" time="0" classname="packet::update" />
    <testcase name="test_decode_update2" time="0" classname="packet::update" />
    <testcase name="test_encode_update2" time="0" classname="packet::update" />
    <testcase name="topology1_1" time="0" classname="conformance::topologies" />
    <testcase name="topology2_1" time="0" classname="conformance::topologies" />
  </testsuite>
  <testsuite id="4" name="cargo test #4" package="testsuite/cargo test #4" tests="0" errors="0" failures="0" hostname="localhost" timestamp="2024-08-31T20:52:04.746519161Z" time="0" />
  <testsuite id="5" name="cargo test #5" package="testsuite/cargo test #5" tests="94" errors="0" failures="0" hostname="localhost" timestamp="2024-08-31T20:52:04.746519161Z" time="0">
    <testcase name="message_decode_error2" time="0" classname="conformance" />
    <testcase name="message_decode_error1" time="0" classname="conformance" />
    <testcase name="message_hello2" time="0" classname="conformance" />
    <testcase name="message_addr_withdraw2" time="0" classname="conformance" />
    <testcase name="message_hello1" time="0" classname="conformance" />
    <testcase name="message_addr1" time="0" classname="conformance" />
    <testcase name="message_addr_withdraw1" time="0" classname="conformance" />
    <testcase name="message_addr2" time="0" classname="conformance" />
    <testcase name="message_init1" time="0" classname="conformance" />
    <testcase name="message_hello3" time="0" classname="conformance" />
    <testcase name="message_init2" time="0" classname="conformance" />
    <testcase name="message_init3" time="0" classname="conformance" />
    <testcase name="message_label_mapping2" time="0" classname="conformance" />
    <testcase name="message_label_mapping1" time="0" classname="conformance" />
    <testcase name="message_label_mapping3" time="0" classname="conformance" />
    <testcase name="message_label_mapping4" time="0" classname="conformance" />
    <testcase name="message_label_mapping5" time="0" classname="conformance" />
    <testcase name="message_label_release1" time="0" classname="conformance" />
    <testcase name="message_label_release2" time="0" classname="conformance" />
    <testcase name="message_label_release4" time="0" classname="conformance" />
    <testcase name="message_label_release3" time="0" classname="conformance" />
    <testcase name="message_label_release5" time="0" classname="conformance" />
    <testcase name="message_label_request2" time="0" classname="conformance" />
    <testcase name="message_label_request1" time="0" classname="conformance" />
    <testcase name="message_label_request3" time="0" classname="conformance" />
    <testcase name="message_label_request4" time="0" classname="conformance" />
    <testcase name="message_label_request5" time="0" classname="conformance" />
    <testcase name="message_label_withdraw2" time="0" classname="conformance" />
    <testcase name="message_label_withdraw1" time="0" classname="conformance" />
    <testcase name="message_label_withdraw3" time="0" classname="conformance" />
    <testcase name="message_label_withdraw4" time="0" classname="conformance" />
    <testcase name="message_label_withdraw5" time="0" classname="conformance" />
    <testcase name="message_notification1" time="0" classname="conformance" />
    <testcase name="message_notification2" time="0" classname="conformance" />
    <testcase name="nb_config_iface1" time="0" classname="conformance" />
    <testcase name="nb_config_iface2" time="0" classname="conformance" />
    <testcase name="nb_config_iface_ipv4_enabled1" time="0" classname="conformance" />
    <testcase name="nb_config_iface_ipv4_enabled2" time="0" classname="conformance" />
    <testcase name="nb_config_hello_accept1" time="0" classname="conformance" />
    <testcase name="nb_config_hello_accept2" time="0" classname="conformance" />
    <testcase name="nb_config_ipv4_enabled1" time="0" classname="conformance" />
    <testcase name="nb_config_ipv4_enabled2" time="0" classname="conformance" />
    <testcase name="sb_addr_add1" time="0" classname="conformance" />
    <testcase name="nb_rpc_clear_hello_adj1" time="0" classname="conformance" />
    <testcase name="nb_rpc_clear_hello_adj2" time="0" classname="conformance" />
    <testcase name="nb_rpc_clear_peer1" time="0" classname="conformance" />
    <testcase name="nb_config_tnbr1" time="0" classname="conformance" />
    <testcase name="nb_rpc_clear_peer2" time="0" classname="conformance" />
    <testcase name="nb_config_tnbr2" time="0" classname="conformance" />
    <testcase name="nb_config_tnbr_ipv4_enabled1" time="0" classname="conformance" />
    <testcase name="sb_addr_add2" time="0" classname="conformance" />
    <testcase name="sb_addr_del1" time="0" classname="conformance" />
    <testcase name="sb_addr_del2" time="0" classname="conformance" />
    <testcase name="sb_iface_update1" time="0" classname="conformance" />
    <testcase name="sb_iface_update2" time="0" classname="conformance" />
    <testcase name="sb_iface_update3" time="0" classname="conformance" />
    <testcase name="sb_route_add1" time="0" classname="conformance" />
    <testcase name="sb_route_add3" time="0" classname="conformance" />
    <testcase name="sb_route_del1" time="0" classname="conformance" />
    <testcase name="sb_route_add2" time="0" classname="conformance" />
    <testcase name="sb_route_del2" time="0" classname="conformance" />
    <testcase name="tcp_accept1" time="0" classname="conformance" />
    <testcase name="timeout_nbr1" time="0" classname="conformance" />
    <testcase name="tcp_accept2" time="0" classname="conformance" />
    <testcase name="tcp_accept3" time="0" classname="conformance" />
    <testcase name="test_decode_address1" time="0" classname="packet::address" />
    <testcase name="test_decode_address2" time="0" classname="packet::address" />
    <testcase name="test_encode_address1" time="0" classname="packet::address" />
    <testcase name="test_encode_address2" time="0" classname="packet::address" />
    <testcase name="test_decode_capability1" time="0" classname="packet::capability" />
    <testcase name="test_encode_capability1" time="0" classname="packet::capability" />
    <testcase name="test_decode_hello1" time="0" classname="packet::hello" />
    <testcase name="test_decode_hello2" time="0" classname="packet::hello" />
    <testcase name="test_encode_hello1" time="0" classname="packet::hello" />
    <testcase name="test_encode_hello2" time="0" classname="packet::hello" />
    <testcase name="test_decode_keepalive" time="0" classname="packet::keepalive" />
    <testcase name="test_encode_keepalive" time="0" classname="packet::keepalive" />
    <testcase name="test_decode_label_mapping1" time="0" classname="packet::label" />
    <testcase name="test_decode_label_mapping2" time="0" classname="packet::label" />
    <testcase name="test_decode_label_request1" time="0" classname="packet::label" />
    <testcase name="test_encode_label_mapping1" time="0" classname="packet::label" />
    <testcase name="test_encode_label_mapping2" time="0" classname="packet::label" />
    <testcase name="test_encode_label_request1" time="0" classname="packet::label" />
    <testcase name="test_decode_notification1" time="0" classname="packet::notification" />
    <testcase name="test_encode_notification1" time="0" classname="packet::notification" />
    <testcase name="test_decode_pdu1" time="0" classname="packet::pdu" />
    <testcase name="test_encode_pdu1" time="0" classname="packet::pdu" />
    <testcase name="tcp_close1" time="0" classname="conformance" />
    <testcase name="timeout_nbr2" time="0" classname="conformance" />
    <testcase name="timeout_adj1" time="0" classname="conformance" />
    <testcase name="tcp_connect1" time="0" classname="conformance" />
    <testcase name="timeout_adj2" time="0" classname="conformance" />
    <testcase name="topology1_1" time="0" classname="conformance::topologies" />
    <testcase name="topology2_1" time="0" classname="conformance::topologies" />
  </testsuite>
  <testsuite id="6" name="cargo test #6" package="testsuite/cargo test #6" tests="0" errors="0" failures="0" hostname="localhost" timestamp="2024-08-31T20:52:04.746519161Z" time="0" />
  <testsuite id="7" name="cargo test #7" package="testsuite/cargo test #7" tests="168" errors="0" failures="0" hostname="localhost" timestamp="2024-08-31T20:52:04.746519161Z" time="0">
    <testcase name="gr_helper_enter1" time="0" classname="conformance::ospfv2" />
    <testcase name="gr_helper_enter2" time="0" classname="conformance::ospfv2" />
    <testcase name="lsa_expiry1" time="0" classname="conformance::ospfv2" />
    <testcase name="lsa_expiry2" time="0" classname="conformance::ospfv2" />
    <testcase name="gr_helper_exit1" time="0" classname="conformance::ospfv2" />
    <testcase name="gr_helper_exit2" time="0" classname="conformance::ospfv2" />
    <testcase name="gr_helper_exit3" time="0" classname="conformance::ospfv2" />
    <testcase name="gr_helper_disable1" time="0" classname="conformance::ospfv2" />
    <testcase name="nb_config_area_dflt_cost1" time="0" classname="conformance::ospfv2" />
    <testcase name="lsa_refresh2" time="0" classname="conformance::ospfv2" />
    <testcase name="nb_config_area1" time="0" classname="conformance::ospfv2" />
    <testcase name="lsa_refresh1" time="0" classname="conformance::ospfv2" />
    <testcase name="nb_config_area_range4" time="0" classname="conformance::ospfv2" />
    <testcase name="nb_config_area_range3" time="0" classname="conformance::ospfv2" />
    <testcase name="nb_config_area_range1" time="0" classname="conformance::ospfv2" />
    <testcase name="nb_config_area_range2" time="0" classname="conformance::ospfv2" />
    <testcase name="nb_config_enable1" time="0" classname="conformance::ospfv2" />
    <testcase name="nb_config_preference1" time="0" classname="conformance::ospfv2" />
    <testcase name="nb_config_area_summary2" time="0" classname="conformance::ospfv2" />
    <testcase name="nb_config_area_summary1" time="0" classname="conformance::ospfv2" />
    <testcase name="nb_config_preference2" time="0" classname="conformance::ospfv2" />
    <testcase name="nb_config_enable2" time="0" classname="conformance::ospfv2" />
    <testcase name="nb_config_preference3" time="0" classname="conformance::ospfv2" />
    <testcase name="nb_config_preference4" time="0" classname="conformance::ospfv2" />
    <testcase name="nb_config_iface1" time="0" classname="conformance::ospfv2" />
    <testcase name="nb_config_iface_cost1" time="0" classname="conformance::ospfv2" />
    <testcase name="nb_rpc_clear_database1" time="0" classname="conformance::ospfv2" />
    <testcase name="nb_config_router_id1" time="0" classname="conformance::ospfv2" />
    <testcase name="nb_config_router_id2" time="0" classname="conformance::ospfv2" />
    <testcase name="nb_rpc_clear_neighbor1" time="0" classname="conformance::ospfv2" />
    <testcase name="packet_dst1" time="0" classname="conformance::ospfv2" />
    <testcase name="nb_rpc_clear_neighbor2" time="0" classname="conformance::ospfv2" />
    <testcase name="packet_area_mismatch1" time="0" classname="conformance::ospfv2" />
    <testcase name="packet_dst2" time="0" classname="conformance::ospfv2" />
    <testcase name="packet_decode_error1" time="0" classname="conformance::ospfv2" />
    <testcase name="packet_dst3" time="0" classname="conformance::ospfv2" />
    <testcase name="packet_hello_validation1" time="0" classname="conformance::ospfv2" />
    <testcase name="packet_hello_validation2" time="0" classname="conformance::ospfv2" />
    <testcase name="packet_hello_validation4" time="0" classname="conformance::ospfv2" />
    <testcase name="packet_hello_validation3" time="0" classname="conformance::ospfv2" />
    <testcase name="packet_hello_validation5" time="0" classname="conformance::ospfv2" />
    <testcase name="packet_lsupd_self_orig2" time="0" classname="conformance::ospfv2" />
    <testcase name="packet_lsupd_self_orig1" time="0" classname="conformance::ospfv2" />
    <testcase name="packet_lsupd_self_orig3" time="0" classname="conformance::ospfv2" />
    <testcase name="packet_lsupd_self_orig4" time="0" classname="conformance::ospfv2" />
    <testcase name="packet_lsupd_self_orig5" time="0" classname="conformance::ospfv2" />
    <testcase name="packet_lsupd_self_orig6" time="0" classname="conformance::ospfv2" />
    <testcase name="packet_lsupd_self_orig7" time="0" classname="conformance::ospfv2" />
    <testcase name="packet_lsupd_step1_1" time="0" classname="conformance::ospfv2" />
    <testcase name="packet_lsupd_self_orig8" time="0" classname="conformance::ospfv2" />
    <testcase name="packet_lsupd_step2and3_3" time="0" classname="conformance::ospfv2" />
    <testcase name="packet_lsupd_step2and3_2" time="0" classname="conformance::ospfv2" />
    <testcase name="packet_lsupd_step1_2" time="0" classname="conformance::ospfv2" />
    <testcase name="packet_lsupd_step1_3" time="0" classname="conformance::ospfv2" />
    <testcase name="packet_lsupd_step1_4" time="0" classname="conformance::ospfv2" />
    <testcase name="packet_lsupd_step2and3_1" time="0" classname="conformance::ospfv2" />
    <testcase name="packet_lsupd_step5_1" time="0" classname="conformance::ospfv2" />
    <testcase name="packet_lsupd_step4_1" time="0" classname="conformance::ospfv2" />
    <testcase name="packet_lsupd_step5_3" time="0" classname="conformance::ospfv2" />
    <testcase name="packet_lsupd_step5_4" time="0" classname="conformance::ospfv2" />
    <testcase name="packet_lsupd_step8_1" time="0" classname="conformance::ospfv2" />
    <testcase name="packet_lsupd_step5_5" time="0" classname="conformance::ospfv2" />
    <testcase name="packet_lsupd_step5_2" time="0" classname="conformance::ospfv2" />
    <testcase name="packet_src1" time="0" classname="conformance::ospfv2" />
    <testcase name="packet_src2" time="0" classname="conformance::ospfv2" />
    <testcase name="packet_src3" time="0" classname="conformance::ospfv2" />
    <testcase name="sb_addr_add1" time="0" classname="conformance::ospfv2" />
    <testcase name="sb_addr_add2" time="0" classname="conformance::ospfv2" />
    <testcase name="rxmt_lsupd1" time="0" classname="conformance::ospfv2" />
    <testcase name="sb_addr_del2" time="0" classname="conformance::ospfv2" />
    <testcase name="sb_addr_del1" time="0" classname="conformance::ospfv2" />
    <testcase name="sb_addr_del3" time="0" classname="conformance::ospfv2" />
    <testcase name="sb_addr_add3" time="0" classname="conformance::ospfv2" />
    <testcase name="sb_iface_update1" time="0" classname="conformance::ospfv2" />
    <testcase name="sb_iface_update2" time="0" classname="conformance::ospfv2" />
    <testcase name="sb_iface_update3" time="0" classname="conformance::ospfv2" />
    <testcase name="sb_iface_update5" time="0" classname="conformance::ospfv2" />
    <testcase name="sb_iface_update4" time="0" classname="conformance::ospfv2" />
    <testcase name="conformance::ospfv2::topologies::topology1_3" time="0">
      <skipped />
    </testcase>
    <testcase name="sb_router_id_update1" time="0" classname="conformance::ospfv2" />
    <testcase name="sb_iface_update7" time="0" classname="conformance::ospfv2" />
    <testcase name="timeout_nbr2" time="0" classname="conformance::ospfv2" />
    <testcase name="timeout_nbr1" time="0" classname="conformance::ospfv2" />
    <testcase name="conformance::ospfv2::topologies::topology2_4" time="0">
      <skipped />
    </testcase>
    <testcase name="sb_iface_update6" time="0" classname="conformance::ospfv2" />
    <testcase name="packet_lsupd_self_orig2" time="0" classname="conformance::ospfv3" />
    <testcase name="packet_lsupd_self_orig1" time="0" classname="conformance::ospfv3" />
    <testcase name="topology1_1" time="0" classname="conformance::ospfv2::topologies" />
    <testcase name="topology1_2" time="0" classname="conformance::ospfv2::topologies" />
    <testcase name="test_decode_dbdesc1" time="0" classname="packet::ospfv2" />
    <testcase name="test_decode_grace_lsa1" time="0" classname="packet::ospfv2" />
    <testcase name="test_decode_hello1" time="0" classname="packet::ospfv2" />
    <testcase name="test_decode_hello_hmac_sha1" time="0" classname="packet::ospfv2" />
    <testcase name="test_decode_hello_hmac_sha256" time="0" classname="packet::ospfv2" />
    <testcase name="test_decode_hello_hmac_sha384" time="0" classname="packet::ospfv2" />
    <testcase name="test_decode_hello_hmac_sha512" time="0" classname="packet::ospfv2" />
    <testcase name="test_decode_hello_md5" time="0" classname="packet::ospfv2" />
    <testcase name="test_decode_lsa1" time="0" classname="packet::ospfv2" />
    <testcase name="test_decode_lsa2" time="0" classname="packet::ospfv2" />
    <testcase name="test_decode_lsa3" time="0" classname="packet::ospfv2" />
    <testcase name="test_decode_lsa4" time="0" classname="packet::ospfv2" />
    <testcase name="test_decode_lsack1" time="0" classname="packet::ospfv2" />
    <testcase name="test_decode_lsrequest1" time="0" classname="packet::ospfv2" />
    <testcase name="test_decode_lsupdate1" time="0" classname="packet::ospfv2" />
    <testcase name="test_encode_dbdesc1" time="0" classname="packet::ospfv2" />
    <testcase name="test_encode_grace_lsa1" time="0" classname="packet::ospfv2" />
    <testcase name="test_encode_hello1" time="0" classname="packet::ospfv2" />
    <testcase name="test_encode_hello_hmac_sha1" time="0" classname="packet::ospfv2" />
    <testcase name="test_encode_hello_hmac_sha256" time="0" classname="packet::ospfv2" />
    <testcase name="test_encode_hello_hmac_sha384" time="0" classname="packet::ospfv2" />
    <testcase name="test_encode_hello_hmac_sha512" time="0" classname="packet::ospfv2" />
    <testcase name="test_encode_hello_md5" time="0" classname="packet::ospfv2" />
    <testcase name="test_encode_lsa1" time="0" classname="packet::ospfv2" />
    <testcase name="test_encode_lsa2" time="0" classname="packet::ospfv2" />
    <testcase name="test_encode_lsa3" time="0" classname="packet::ospfv2" />
    <testcase name="test_encode_lsa4" time="0" classname="packet::ospfv2" />
    <testcase name="test_encode_lsack1" time="0" classname="packet::ospfv2" />
    <testcase name="test_encode_lsrequest1" time="0" classname="packet::ospfv2" />
    <testcase name="test_encode_lsupdate1" time="0" classname="packet::ospfv2" />
    <testcase name="test_decode_dbdescr1" time="0" classname="packet::ospfv3" />
    <testcase name="test_decode_dbdescr2" time="0" classname="packet::ospfv3" />
    <testcase name="test_decode_extended_as_external_lsa1" time="0" classname="packet::ospfv3" />
    <testcase name="test_decode_extended_inter_area_prefix_lsa1" time="0" classname="packet::ospfv3" />
    <testcase name="test_decode_extended_inter_area_router_lsa1" time="0" classname="packet::ospfv3" />
    <testcase name="test_decode_extended_intra_area_prefix_lsa1" time="0" classname="packet::ospfv3" />
    <testcase name="test_decode_extended_link_lsa1" time="0" classname="packet::ospfv3" />
    <testcase name="test_decode_extended_network_lsa1" time="0" classname="packet::ospfv3" />
    <testcase name="test_decode_extended_router_lsa1" time="0" classname="packet::ospfv3" />
    <testcase name="test_decode_grace_lsa1" time="0" classname="packet::ospfv3" />
    <testcase name="test_decode_hello1" time="0" classname="packet::ospfv3" />
    <testcase name="test_decode_hello_hmac_sha1" time="0" classname="packet::ospfv3" />
    <testcase name="test_decode_hello_hmac_sha256" time="0" classname="packet::ospfv3" />
    <testcase name="test_decode_hello_hmac_sha384" time="0" classname="packet::ospfv3" />
    <testcase name="test_decode_hello_hmac_sha512" time="0" classname="packet::ospfv3" />
    <testcase name="test_decode_lsa1" time="0" classname="packet::ospfv3" />
    <testcase name="test_decode_lsa2" time="0" classname="packet::ospfv3" />
    <testcase name="test_decode_lsa3" time="0" classname="packet::ospfv3" />
    <testcase name="test_decode_lsack1" time="0" classname="packet::ospfv3" />
    <testcase name="test_decode_lsrequest1" time="0" classname="packet::ospfv3" />
    <testcase name="test_decode_lsupdate1" time="0" classname="packet::ospfv3" />
    <testcase name="test_encode_dbdescr1" time="0" classname="packet::ospfv3" />
    <testcase name="test_encode_dbdescr2" time="0" classname="packet::ospfv3" />
    <testcase name="test_encode_extended_as_external_lsa1" time="0" classname="packet::ospfv3" />
    <testcase name="test_encode_extended_inter_area_prefix_lsa1" time="0" classname="packet::ospfv3" />
    <testcase name="test_encode_extended_inter_area_router_lsa1" time="0" classname="packet::ospfv3" />
    <testcase name="test_encode_extended_intra_area_prefix_lsa1" time="0" classname="packet::ospfv3" />
    <testcase name="test_encode_extended_link_lsa1" time="0" classname="packet::ospfv3" />
    <testcase name="test_encode_extended_network_lsa1" time="0" classname="packet::ospfv3" />
    <testcase name="test_encode_extended_router_lsa1" time="0" classname="packet::ospfv3" />
    <testcase name="test_encode_grace_lsa1" time="0" classname="packet::ospfv3" />
    <testcase name="test_encode_hello1" time="0" classname="packet::ospfv3" />
    <testcase name="test_encode_hello_hmac_sha1" time="0" classname="packet::ospfv3" />
    <testcase name="test_encode_hello_hmac_sha256" time="0" classname="packet::ospfv3" />
    <testcase name="test_encode_hello_hmac_sha384" time="0" classname="packet::ospfv3" />
    <testcase name="test_encode_hello_hmac_sha512" time="0" classname="packet::ospfv3" />
    <testcase name="test_encode_lsa1" time="0" classname="packet::ospfv3" />
    <testcase name="test_encode_lsa2" time="0" classname="packet::ospfv3" />
    <testcase name="test_encode_lsa3" time="0" classname="packet::ospfv3" />
    <testcase name="test_encode_lsack1" time="0" classname="packet::ospfv3" />
    <testcase name="test_encode_lsrequest1" time="0" classname="packet::ospfv3" />
    <testcase name="test_encode_lsupdate1" time="0" classname="packet::ospfv3" />
    <testcase name="topology1_1" time="0" classname="conformance::ospfv3::topologies" />
    <testcase name="topology2_1" time="0" classname="conformance::ospfv2::topologies" />
    <testcase name="topology2_3" time="0" classname="conformance::ospfv2::topologies" />
    <testcase name="topology2_2" time="0" classname="conformance::ospfv2::topologies" />
    <testcase name="topology1_2" time="0" classname="conformance::ospfv3::topologies" />
    <testcase name="topology2_1" time="0" classname="conformance::ospfv3::topologies" />
    <testcase name="topology2_2" time="0" classname="conformance::ospfv3::topologies" />
  </testsuite>
  <testsuite id="8" name="cargo test #8" package="testsuite/cargo test #8" tests="0" errors="0" failures="0" hostname="localhost" timestamp="2024-08-31T20:52:04.746519161Z" time="0" />
  <testsuite id="9" name="cargo test #9" package="testsuite/cargo test #9" tests="98" errors="0" failures="0" hostname="localhost" timestamp="2024-08-31T20:52:04.746519161Z" time="0">
    <testcase name="message_response2" time="0" classname="conformance::ripng" />
    <testcase name="message_request1" time="0" classname="conformance::ripng" />
    <testcase name="message_errors1" time="0" classname="conformance::ripng" />
    <testcase name="message_request2" time="0" classname="conformance::ripng" />
    <testcase name="message_response4" time="0" classname="conformance::ripng" />
    <testcase name="message_response3" time="0" classname="conformance::ripng" />
    <testcase name="message_response1" time="0" classname="conformance::ripng" />
    <testcase name="message_response5" time="0" classname="conformance::ripng" />
    <testcase name="message_response6" time="0" classname="conformance::ripng" />
    <testcase name="nb_config_distance1" time="0" classname="conformance::ripng" />
    <testcase name="message_response7" time="0" classname="conformance::ripng" />
    <testcase name="message_response8" time="0" classname="conformance::ripng" />
    <testcase name="nb_config_iface2" time="0" classname="conformance::ripng" />
    <testcase name="nb_config_iface_cost1" time="0" classname="conformance::ripng" />
    <testcase name="nb_config_iface1" time="0" classname="conformance::ripng" />
    <testcase name="message_response9" time="0" classname="conformance::ripng" />
    <testcase name="nb_config_neighbor1" time="0" classname="conformance::ripng" />
    <testcase name="nb_config_neighbor2" time="0" classname="conformance::ripng" />
    <testcase name="nb_config_passive2" time="0" classname="conformance::ripng" />
    <testcase name="nb_config_passive1" time="0" classname="conformance::ripng" />
    <testcase name="nb_config_split_horizon3" time="0" classname="conformance::ripng" />
    <testcase name="nb_config_split_horizon1" time="0" classname="conformance::ripng" />
    <testcase name="nb_rpc_clear_route1" time="0" classname="conformance::ripng" />
    <testcase name="sb_addr_add1" time="0" classname="conformance::ripng" />
    <testcase name="nb_config_split_horizon2" time="0" classname="conformance::ripng" />
    <testcase name="sb_addr_del1" time="0" classname="conformance::ripng" />
    <testcase name="sb_addr_add2" time="0" classname="conformance::ripng" />
    <testcase name="sb_addr_del2" time="0" classname="conformance::ripng" />
    <testcase name="sb_iface_update1" time="0" classname="conformance::ripng" />
    <testcase name="timeout_neighbor1" time="0" classname="conformance::ripng" />
    <testcase name="timeout_initial_update1" time="0" classname="conformance::ripng" />
    <testcase name="timeout_route1" time="0" classname="conformance::ripng" />
    <testcase name="timeout_route_gc1" time="0" classname="conformance::ripng" />
    <testcase name="sb_iface_update2" time="0" classname="conformance::ripng" />
    <testcase name="timeout_update_interval1" time="0" classname="conformance::ripng" />
    <testcase name="timeout_triggered_update1" time="0" classname="conformance::ripng" />
    <testcase name="message_errors1" time="0" classname="conformance::ripv2" />
    <testcase name="message_request1" time="0" classname="conformance::ripv2" />
    <testcase name="message_request2" time="0" classname="conformance::ripv2" />
    <testcase name="message_response1" time="0" classname="conformance::ripv2" />
    <testcase name="message_response2" time="0" classname="conformance::ripv2" />
    <testcase name="message_response3" time="0" classname="conformance::ripv2" />
    <testcase name="topology1_1" time="0" classname="conformance::ripng::topologies" />
    <testcase name="message_response4" time="0" classname="conformance::ripv2" />
    <testcase name="message_response5" time="0" classname="conformance::ripv2" />
    <testcase name="message_response6" time="0" classname="conformance::ripv2" />
    <testcase name="topology1_2" time="0" classname="conformance::ripng::topologies" />
    <testcase name="message_response7" time="0" classname="conformance::ripv2" />
    <testcase name="nb_config_distance1" time="0" classname="conformance::ripv2" />
    <testcase name="message_response8" time="0" classname="conformance::ripv2" />
    <testcase name="message_response9" time="0" classname="conformance::ripv2" />
    <testcase name="nb_config_iface1" time="0" classname="conformance::ripv2" />
    <testcase name="nb_config_iface2" time="0" classname="conformance::ripv2" />
    <testcase name="nb_config_iface_cost1" time="0" classname="conformance::ripv2" />
    <testcase name="nb_config_neighbor1" time="0" classname="conformance::ripv2" />
    <testcase name="nb_config_neighbor2" time="0" classname="conformance::ripv2" />
    <testcase name="nb_config_passive1" time="0" classname="conformance::ripv2" />
    <testcase name="nb_config_passive2" time="0" classname="conformance::ripv2" />
    <testcase name="nb_config_split_horizon1" time="0" classname="conformance::ripv2" />
    <testcase name="nb_config_split_horizon3" time="0" classname="conformance::ripv2" />
    <testcase name="nb_config_split_horizon2" time="0" classname="conformance::ripv2" />
    <testcase name="nb_rpc_clear_route1" time="0" classname="conformance::ripv2" />
    <testcase name="topology2_2" time="0" classname="conformance::ripng::topologies" />
    <testcase name="topology2_1" time="0" classname="conformance::ripng::topologies" />
    <testcase name="sb_addr_add1" time="0" classname="conformance::ripv2" />
    <testcase name="sb_addr_add2" time="0" classname="conformance::ripv2" />
    <testcase name="sb_addr_del1" time="0" classname="conformance::ripv2" />
    <testcase name="sb_iface_update1" time="0" classname="conformance::ripv2" />
    <testcase name="timeout_initial_update1" time="0" classname="conformance::ripv2" />
    <testcase name="timeout_neighbor1" time="0" classname="conformance::ripv2" />
    <testcase name="sb_iface_update2" time="0" classname="conformance::ripv2" />
    <testcase name="sb_addr_del2" time="0" classname="conformance::ripv2" />
    <testcase name="timeout_route1" time="0" classname="conformance::ripv2" />
    <testcase name="test_decode_request1" time="0" classname="packet::ripng" />
    <testcase name="test_decode_response1" time="0" classname="packet::ripng" />
    <testcase name="test_decode_response2" time="0" classname="packet::ripng" />
    <testcase name="test_decode_response3" time="0" classname="packet::ripng" />
    <testcase name="test_decode_response4" time="0" classname="packet::ripng" />
    <testcase name="test_decode_response5" time="0" classname="packet::ripng" />
    <testcase name="test_encode_request1" time="0" classname="packet::ripng" />
    <testcase name="test_encode_response1" time="0" classname="packet::ripng" />
    <testcase name="test_encode_response2" time="0" classname="packet::ripng" />
    <testcase name="test_decode_request1" time="0" classname="packet::ripv2" />
    <testcase name="test_decode_response1" time="0" classname="packet::ripv2" />
    <testcase name="test_decode_response2" time="0" classname="packet::ripv2" />
    <testcase name="test_decode_response3" time="0" classname="packet::ripv2" />
    <testcase name="test_decode_response4" time="0" classname="packet::ripv2" />
    <testcase name="test_decode_response5" time="0" classname="packet::ripv2" />
    <testcase name="test_encode_request1" time="0" classname="packet::ripv2" />
    <testcase name="test_encode_response1" time="0" classname="packet::ripv2" />
    <testcase name="test_encode_response5" time="0" classname="packet::ripv2" />
    <testcase name="timeout_route_gc1" time="0" classname="conformance::ripv2" />
    <testcase name="timeout_update_interval1" time="0" classname="conformance::ripv2" />
    <testcase name="timeout_triggered_update1" time="0" classname="conformance::ripv2" />
    <testcase name="topology1_1" time="0" classname="conformance::ripv2::topologies" />
    <testcase name="topology1_2" time="0" classname="conformance::ripv2::topologies" />
    <testcase name="topology2_2" time="0" classname="conformance::ripv2::topologies" />
    <testcase name="topology2_1" time="0" classname="conformance::ripv2::topologies" />
  </testsuite>
  <testsuite id="10" name="cargo test #10" package="testsuite/cargo test #10" tests="0" errors="0" failures="0" hostname="localhost" timestamp="2024-08-31T20:52:04.746519161Z" time="0" />
  <testsuite id="11" name="cargo test #11" package="testsuite/cargo test #11" tests="0" errors="0" failures="0" hostname="localhost" timestamp="2024-08-31T20:52:04.746519161Z" time="0" />
  <testsuite id="12" name="cargo test #12" package="testsuite/cargo test #12" tests="0" errors="0" failures="0" hostname="localhost" timestamp="2024-08-31T20:52:04.746519161Z" time="0" />
  <testsuite id="13" name="cargo test #13" package="testsuite/cargo test #13" tests="0" errors="0" failures="0" hostname="localhost" timestamp="2024-08-31T20:52:04.746519161Z" time="0" />
  <testsuite id="14" name="cargo test #14" package="testsuite/cargo test #14" tests="0" errors="0" failures="0" hostname="localhost" timestamp="2024-08-31T20:52:04.746519161Z" time="0" />
</testsuites>
